The system is: Linux - 6.6.0-rc5-rockchip-rk356x - aarch64
Compiling the CXX compiler identification source file "CMakeCXXCompilerId.cpp" succeeded.
Compiler: /usr/bin/g++ 
Build flags: 
Id flags:  

The output was:
0


Compilation of the CXX compiler identification source "CMakeCXXCompilerId.cpp" produced "a.out"

The CXX compiler identification is GNU, found in "/home/kaxia/code/webdav/build/CMakeFiles/3.22.1/CompilerIdCXX/a.out"

Detecting CXX compiler ABI info compiled with the following output:
Change Dir: /home/kaxia/code/webdav/build/CMakeFiles/CMakeTmp

Run Build Command(s):/usr/bin/gmake -f Makefile cmTC_ea092/fast && /usr/bin/gmake  -f CMakeFiles/cmTC_ea092.dir/build.make CMakeFiles/cmTC_ea092.dir/build
gmake[1]: Entering directory '/home/kaxia/code/webdav/build/CMakeFiles/CMakeTmp'
Building CXX object CMakeFiles/cmTC_ea092.dir/CMakeCXXCompilerABI.cpp.o
/usr/bin/g++   -v -o CMakeFiles/cmTC_ea092.dir/CMakeCXXCompilerABI.cpp.o -c /usr/share/cmake-3.22/Modules/CMakeCXXCompilerABI.cpp
Using built-in specs.
COLLECT_GCC=/usr/bin/g++
OFFLOAD_TARGET_NAMES=nvptx-none
OFFLOAD_TARGET_DEFAULT=1
Target: aarch64-linux-gnu
Configured with: ../src/configure -v --with-pkgversion='Ubuntu 16-20260315-1ubuntu1~22~ppa1' --with-bugurl=file:///usr/share/doc/gcc-16/README.Bugs --enable-languages=c,ada,c++,go,d,fortran,objc,obj-c++,m2,rust,cobol,algol68 --prefix=/usr --with-gcc-major-version-only --program-suffix=-16 --program-prefix=aarch64-linux-gnu- --enable-shared --enable-linker-build-id --libexecdir=/usr/libexec --without-included-gettext --enable-threads=posix --libdir=/usr/lib --enable-nls --enable-bootstrap --enable-clocale=gnu --enable-libstdcxx-debug --enable-libstdcxx-time=yes --with-default-libstdcxx-abi=new --enable-libstdcxx-backtrace --enable-gnu-unique-object --disable-libquadmath --disable-libquadmath-support --enable-plugin --enable-default-pie --with-system-zlib --enable-libphobos-checking=release --with-target-system-zlib=auto --enable-objc-gc=auto --enable-multiarch --enable-fix-cortex-a53-843419 --disable-werror --enable-offload-targets=nvptx-none=/build/gcc-16-c2yKvu/gcc-16-16-20260315/debian/tmp-nvptx/usr --enable-offload-defaulted --without-cuda-driver --enable-checking=release --build=aarch64-linux-gnu --host=aarch64-linux-gnu --target=aarch64-linux-gnu --with-build-config=bootstrap-lto-lean --enable-link-serialization=4
Thread model: posix
Supported LTO compression algorithms: zlib zstd
gcc version 16.0.1 20260315 (experimental) [trunk r16-8100-g3aca3bae8ee] (Ubuntu 16-20260315-1ubuntu1~22~ppa1) 
COLLECT_GCC_OPTIONS='-v' '-o' 'CMakeFiles/cmTC_ea092.dir/CMakeCXXCompilerABI.cpp.o' '-c' '-shared-libgcc' '-mlittle-endian' '-mabi=lp64' '-dumpdir' 'CMakeFiles/cmTC_ea092.dir/'
 /usr/libexec/gcc/aarch64-linux-gnu/16/cc1plus -quiet -v -imultiarch aarch64-linux-gnu -D_GNU_SOURCE /usr/share/cmake-3.22/Modules/CMakeCXXCompilerABI.cpp -quiet -dumpdir CMakeFiles/cmTC_ea092.dir/ -dumpbase CMakeCXXCompilerABI.cpp.cpp -dumpbase-ext .cpp -mlittle-endian -mabi=lp64 -version -fasynchronous-unwind-tables -fstack-protector-strong -Wformat -Wformat-security -fstack-clash-protection -o /tmp/ccK77Sm5.s
GNU C++20 (Ubuntu 16-20260315-1ubuntu1~22~ppa1) version 16.0.1 20260315 (experimental) [trunk r16-8100-g3aca3bae8ee] (aarch64-linux-gnu)
	compiled by GNU C version 16.0.1 20260315 (experimental) [trunk r16-8100-g3aca3bae8ee], GMP version 6.2.1, MPFR version 4.1.0, MPC version 1.2.1, isl version isl-0.24-GMP

GGC heuristics: --param ggc-min-expand=100 --param ggc-min-heapsize=131072
ignoring duplicate directory "/usr/include/aarch64-linux-gnu/c++/16"
ignoring nonexistent directory "/usr/local/include/aarch64-linux-gnu"
ignoring nonexistent directory "/usr/lib/gcc/aarch64-linux-gnu/16/include-fixed/aarch64-linux-gnu"
ignoring nonexistent directory "/usr/lib/gcc/aarch64-linux-gnu/16/include-fixed"
ignoring nonexistent directory "/usr/lib/gcc/aarch64-linux-gnu/16/../../../../aarch64-linux-gnu/include"
#include "..." search starts here:
#include <...> search starts here:
 /usr/include/c++/16
 /usr/include/aarch64-linux-gnu/c++/16
 /usr/include/c++/16/backward
 /usr/lib/gcc/aarch64-linux-gnu/16/include
 /usr/local/include
 /usr/include/aarch64-linux-gnu
 /usr/include
End of search list.
Compiler executable checksum: 92d4194c6da3618b947c15bc2117efbe
COLLECT_GCC_OPTIONS='-v' '-o' 'CMakeFiles/cmTC_ea092.dir/CMakeCXXCompilerABI.cpp.o' '-c' '-shared-libgcc' '-mlittle-endian' '-mabi=lp64' '-dumpdir' 'CMakeFiles/cmTC_ea092.dir/'
 /usr/bin/aarch64-linux-gnu-as -v -EL -mabi=lp64 -o CMakeFiles/cmTC_ea092.dir/CMakeCXXCompilerABI.cpp.o /tmp/ccK77Sm5.s
GNU assembler version 2.38 (aarch64-linux-gnu) using BFD version (GNU Binutils for Ubuntu) 2.38
COMPILER_PATH=/usr/libexec/gcc/aarch64-linux-gnu/16/:/usr/libexec/gcc/aarch64-linux-gnu/16/:/usr/libexec/gcc/aarch64-linux-gnu/:/usr/lib/gcc/aarch64-linux-gnu/16/:/usr/lib/gcc/aarch64-linux-gnu/
LIBRARY_PATH=/usr/lib/gcc/aarch64-linux-gnu/16/:/usr/lib/gcc/aarch64-linux-gnu/16/../../../aarch64-linux-gnu/:/usr/lib/gcc/aarch64-linux-gnu/16/../../../../lib/:/lib/aarch64-linux-gnu/:/lib/../lib/:/usr/lib/aarch64-linux-gnu/:/usr/lib/../lib/:/usr/lib/gcc/aarch64-linux-gnu/16/../../../:/lib/:/usr/lib/
COLLECT_GCC_OPTIONS='-v' '-o' 'CMakeFiles/cmTC_ea092.dir/CMakeCXXCompilerABI.cpp.o' '-c' '-shared-libgcc' '-mlittle-endian' '-mabi=lp64' '-dumpdir' 'CMakeFiles/cmTC_ea092.dir/CMakeCXXCompilerABI.cpp.'
Linking CXX executable cmTC_ea092
/usr/bin/cmake -E cmake_link_script CMakeFiles/cmTC_ea092.dir/link.txt --verbose=1
/usr/bin/g++  -v CMakeFiles/cmTC_ea092.dir/CMakeCXXCompilerABI.cpp.o -o cmTC_ea092 
Using built-in specs.
COLLECT_GCC=/usr/bin/g++
COLLECT_LTO_WRAPPER=/usr/libexec/gcc/aarch64-linux-gnu/16/lto-wrapper
OFFLOAD_TARGET_NAMES=nvptx-none
OFFLOAD_TARGET_DEFAULT=1
Target: aarch64-linux-gnu
Configured with: ../src/configure -v --with-pkgversion='Ubuntu 16-20260315-1ubuntu1~22~ppa1' --with-bugurl=file:///usr/share/doc/gcc-16/README.Bugs --enable-languages=c,ada,c++,go,d,fortran,objc,obj-c++,m2,rust,cobol,algol68 --prefix=/usr --with-gcc-major-version-only --program-suffix=-16 --program-prefix=aarch64-linux-gnu- --enable-shared --enable-linker-build-id --libexecdir=/usr/libexec --without-included-gettext --enable-threads=posix --libdir=/usr/lib --enable-nls --enable-bootstrap --enable-clocale=gnu --enable-libstdcxx-debug --enable-libstdcxx-time=yes --with-default-libstdcxx-abi=new --enable-libstdcxx-backtrace --enable-gnu-unique-object --disable-libquadmath --disable-libquadmath-support --enable-plugin --enable-default-pie --with-system-zlib --enable-libphobos-checking=release --with-target-system-zlib=auto --enable-objc-gc=auto --enable-multiarch --enable-fix-cortex-a53-843419 --disable-werror --enable-offload-targets=nvptx-none=/build/gcc-16-c2yKvu/gcc-16-16-20260315/debian/tmp-nvptx/usr --enable-offload-defaulted --without-cuda-driver --enable-checking=release --build=aarch64-linux-gnu --host=aarch64-linux-gnu --target=aarch64-linux-gnu --with-build-config=bootstrap-lto-lean --enable-link-serialization=4
Thread model: posix
Supported LTO compression algorithms: zlib zstd
gcc version 16.0.1 20260315 (experimental) [trunk r16-8100-g3aca3bae8ee] (Ubuntu 16-20260315-1ubuntu1~22~ppa1) 
COMPILER_PATH=/usr/libexec/gcc/aarch64-linux-gnu/16/:/usr/libexec/gcc/aarch64-linux-gnu/16/:/usr/libexec/gcc/aarch64-linux-gnu/:/usr/lib/gcc/aarch64-linux-gnu/16/:/usr/lib/gcc/aarch64-linux-gnu/
LIBRARY_PATH=/usr/lib/gcc/aarch64-linux-gnu/16/:/usr/lib/gcc/aarch64-linux-gnu/16/../../../aarch64-linux-gnu/:/usr/lib/gcc/aarch64-linux-gnu/16/../../../../lib/:/lib/aarch64-linux-gnu/:/lib/../lib/:/usr/lib/aarch64-linux-gnu/:/usr/lib/../lib/:/usr/lib/gcc/aarch64-linux-gnu/16/../../../:/lib/:/usr/lib/
COLLECT_GCC_OPTIONS='-v' '-o' 'cmTC_ea092' '-foffload-options=-l_GCC_stdc++' '-foffload-options=-l_GCC_m' '-shared-libgcc' '-mlittle-endian' '-mabi=lp64' '-dumpdir' 'cmTC_ea092.'
 /usr/libexec/gcc/aarch64-linux-gnu/16/collect2 -plugin /usr/libexec/gcc/aarch64-linux-gnu/16/liblto_plugin.so -plugin-opt=/usr/libexec/gcc/aarch64-linux-gnu/16/lto-wrapper -plugin-opt=-fresolution=/tmp/ccu6QCyJ.res -plugin-opt=-pass-through=-lgcc_s -plugin-opt=-pass-through=-lgcc -plugin-opt=-pass-through=-latomic_asneeded -plugin-opt=-pass-through=-lc -plugin-opt=-pass-through=-lgcc_s -plugin-opt=-pass-through=-lgcc --build-id --eh-frame-hdr --hash-style=gnu --as-needed -dynamic-linker /lib/ld-linux-aarch64.so.1 -X -EL -maarch64linux --fix-cortex-a53-843419 -pie -z now -z relro -o cmTC_ea092 /usr/lib/gcc/aarch64-linux-gnu/16/../../../aarch64-linux-gnu/Scrt1.o /usr/lib/gcc/aarch64-linux-gnu/16/../../../aarch64-linux-gnu/crti.o /usr/lib/gcc/aarch64-linux-gnu/16/crtbeginS.o -L/usr/lib/gcc/aarch64-linux-gnu/16 -L/usr/lib/gcc/aarch64-linux-gnu/16/../../../aarch64-linux-gnu -L/usr/lib/gcc/aarch64-linux-gnu/16/../../../../lib -L/lib/aarch64-linux-gnu -L/lib/../lib -L/usr/lib/aarch64-linux-gnu -L/usr/lib/../lib -L/usr/lib/gcc/aarch64-linux-gnu/16/../../.. -L/lib -L/usr/lib CMakeFiles/cmTC_ea092.dir/CMakeCXXCompilerABI.cpp.o -lstdc++ -lm -lgcc_s -lgcc -latomic_asneeded -lc -lgcc_s -lgcc /usr/lib/gcc/aarch64-linux-gnu/16/crtendS.o /usr/lib/gcc/aarch64-linux-gnu/16/../../../aarch64-linux-gnu/crtn.o
COLLECT_GCC_OPTIONS='-v' '-o' 'cmTC_ea092' '-foffload-options=-l_GCC_stdc++' '-foffload-options=-l_GCC_m' '-shared-libgcc' '-mlittle-endian' '-mabi=lp64' '-dumpdir' 'cmTC_ea092.'
gmake[1]: Leaving directory '/home/kaxia/code/webdav/build/CMakeFiles/CMakeTmp'



Parsed CXX implicit include dir info from above output: rv=done
  found start of include info
  found start of implicit include info
    add: [/usr/include/c++/16]
    add: [/usr/include/aarch64-linux-gnu/c++/16]
    add: [/usr/include/c++/16/backward]
    add: [/usr/lib/gcc/aarch64-linux-gnu/16/include]
    add: [/usr/local/include]
    add: [/usr/include/aarch64-linux-gnu]
    add: [/usr/include]
  end of search list found
  collapse include dir [/usr/include/c++/16] ==> [/usr/include/c++/16]
  collapse include dir [/usr/include/aarch64-linux-gnu/c++/16] ==> [/usr/include/aarch64-linux-gnu/c++/16]
  collapse include dir [/usr/include/c++/16/backward] ==> [/usr/include/c++/16/backward]
  collapse include dir [/usr/lib/gcc/aarch64-linux-gnu/16/include] ==> [/usr/lib/gcc/aarch64-linux-gnu/16/include]
  collapse include dir [/usr/local/include] ==> [/usr/local/include]
  collapse include dir [/usr/include/aarch64-linux-gnu] ==> [/usr/include/aarch64-linux-gnu]
  collapse include dir [/usr/include] ==> [/usr/include]
  implicit include dirs: [/usr/include/c++/16;/usr/include/aarch64-linux-gnu/c++/16;/usr/include/c++/16/backward;/usr/lib/gcc/aarch64-linux-gnu/16/include;/usr/local/include;/usr/include/aarch64-linux-gnu;/usr/include]


Parsed CXX implicit link information from above output:
  link line regex: [^( *|.*[/\])(ld|CMAKE_LINK_STARTFILE-NOTFOUND|([^/\]+-)?ld|collect2)[^/\]*( |$)]
  ignore line: [Change Dir: /home/kaxia/code/webdav/build/CMakeFiles/CMakeTmp]
  ignore line: []
  ignore line: [Run Build Command(s):/usr/bin/gmake -f Makefile cmTC_ea092/fast && /usr/bin/gmake  -f CMakeFiles/cmTC_ea092.dir/build.make CMakeFiles/cmTC_ea092.dir/build]
  ignore line: [gmake[1]: Entering directory '/home/kaxia/code/webdav/build/CMakeFiles/CMakeTmp']
  ignore line: [Building CXX object CMakeFiles/cmTC_ea092.dir/CMakeCXXCompilerABI.cpp.o]
  ignore line: [/usr/bin/g++   -v -o CMakeFiles/cmTC_ea092.dir/CMakeCXXCompilerABI.cpp.o -c /usr/share/cmake-3.22/Modules/CMakeCXXCompilerABI.cpp]
  ignore line: [Using built-in specs.]
  ignore line: [COLLECT_GCC=/usr/bin/g++]
  ignore line: [OFFLOAD_TARGET_NAMES=nvptx-none]
  ignore line: [OFFLOAD_TARGET_DEFAULT=1]
  ignore line: [Target: aarch64-linux-gnu]
  ignore line: [Configured with: ../src/configure -v --with-pkgversion='Ubuntu 16-20260315-1ubuntu1~22~ppa1' --with-bugurl=file:///usr/share/doc/gcc-16/README.Bugs --enable-languages=c ada c++ go d fortran objc obj-c++ m2 rust cobol algol68 --prefix=/usr --with-gcc-major-version-only --program-suffix=-16 --program-prefix=aarch64-linux-gnu- --enable-shared --enable-linker-build-id --libexecdir=/usr/libexec --without-included-gettext --enable-threads=posix --libdir=/usr/lib --enable-nls --enable-bootstrap --enable-clocale=gnu --enable-libstdcxx-debug --enable-libstdcxx-time=yes --with-default-libstdcxx-abi=new --enable-libstdcxx-backtrace --enable-gnu-unique-object --disable-libquadmath --disable-libquadmath-support --enable-plugin --enable-default-pie --with-system-zlib --enable-libphobos-checking=release --with-target-system-zlib=auto --enable-objc-gc=auto --enable-multiarch --enable-fix-cortex-a53-843419 --disable-werror --enable-offload-targets=nvptx-none=/build/gcc-16-c2yKvu/gcc-16-16-20260315/debian/tmp-nvptx/usr --enable-offload-defaulted --without-cuda-driver --enable-checking=release --build=aarch64-linux-gnu --host=aarch64-linux-gnu --target=aarch64-linux-gnu --with-build-config=bootstrap-lto-lean --enable-link-serialization=4]
  ignore line: [Thread model: posix]
  ignore line: [Supported LTO compression algorithms: zlib zstd]
  ignore line: [gcc version 16.0.1 20260315 (experimental) [trunk r16-8100-g3aca3bae8ee] (Ubuntu 16-20260315-1ubuntu1~22~ppa1) ]
  ignore line: [COLLECT_GCC_OPTIONS='-v' '-o' 'CMakeFiles/cmTC_ea092.dir/CMakeCXXCompilerABI.cpp.o' '-c' '-shared-libgcc' '-mlittle-endian' '-mabi=lp64' '-dumpdir' 'CMakeFiles/cmTC_ea092.dir/']
  ignore line: [ /usr/libexec/gcc/aarch64-linux-gnu/16/cc1plus -quiet -v -imultiarch aarch64-linux-gnu -D_GNU_SOURCE /usr/share/cmake-3.22/Modules/CMakeCXXCompilerABI.cpp -quiet -dumpdir CMakeFiles/cmTC_ea092.dir/ -dumpbase CMakeCXXCompilerABI.cpp.cpp -dumpbase-ext .cpp -mlittle-endian -mabi=lp64 -version -fasynchronous-unwind-tables -fstack-protector-strong -Wformat -Wformat-security -fstack-clash-protection -o /tmp/ccK77Sm5.s]
  ignore line: [GNU C++20 (Ubuntu 16-20260315-1ubuntu1~22~ppa1) version 16.0.1 20260315 (experimental) [trunk r16-8100-g3aca3bae8ee] (aarch64-linux-gnu)]
  ignore line: [	compiled by GNU C version 16.0.1 20260315 (experimental) [trunk r16-8100-g3aca3bae8ee]  GMP version 6.2.1  MPFR version 4.1.0  MPC version 1.2.1  isl version isl-0.24-GMP]
  ignore line: []
  ignore line: [GGC heuristics: --param ggc-min-expand=100 --param ggc-min-heapsize=131072]
  ignore line: [ignoring duplicate directory "/usr/include/aarch64-linux-gnu/c++/16"]
  ignore line: [ignoring nonexistent directory "/usr/local/include/aarch64-linux-gnu"]
  ignore line: [ignoring nonexistent directory "/usr/lib/gcc/aarch64-linux-gnu/16/include-fixed/aarch64-linux-gnu"]
  ignore line: [ignoring nonexistent directory "/usr/lib/gcc/aarch64-linux-gnu/16/include-fixed"]
  ignore line: [ignoring nonexistent directory "/usr/lib/gcc/aarch64-linux-gnu/16/../../../../aarch64-linux-gnu/include"]
  ignore line: [#include "..." search starts here:]
  ignore line: [#include <...> search starts here:]
  ignore line: [ /usr/include/c++/16]
  ignore line: [ /usr/include/aarch64-linux-gnu/c++/16]
  ignore line: [ /usr/include/c++/16/backward]
  ignore line: [ /usr/lib/gcc/aarch64-linux-gnu/16/include]
  ignore line: [ /usr/local/include]
  ignore line: [ /usr/include/aarch64-linux-gnu]
  ignore line: [ /usr/include]
  ignore line: [End of search list.]
  ignore line: [Compiler executable checksum: 92d4194c6da3618b947c15bc2117efbe]
  ignore line: [COLLECT_GCC_OPTIONS='-v' '-o' 'CMakeFiles/cmTC_ea092.dir/CMakeCXXCompilerABI.cpp.o' '-c' '-shared-libgcc' '-mlittle-endian' '-mabi=lp64' '-dumpdir' 'CMakeFiles/cmTC_ea092.dir/']
  ignore line: [ /usr/bin/aarch64-linux-gnu-as -v -EL -mabi=lp64 -o CMakeFiles/cmTC_ea092.dir/CMakeCXXCompilerABI.cpp.o /tmp/ccK77Sm5.s]
  ignore line: [GNU assembler version 2.38 (aarch64-linux-gnu) using BFD version (GNU Binutils for Ubuntu) 2.38]
  ignore line: [COMPILER_PATH=/usr/libexec/gcc/aarch64-linux-gnu/16/:/usr/libexec/gcc/aarch64-linux-gnu/16/:/usr/libexec/gcc/aarch64-linux-gnu/:/usr/lib/gcc/aarch64-linux-gnu/16/:/usr/lib/gcc/aarch64-linux-gnu/]
  ignore line: [LIBRARY_PATH=/usr/lib/gcc/aarch64-linux-gnu/16/:/usr/lib/gcc/aarch64-linux-gnu/16/../../../aarch64-linux-gnu/:/usr/lib/gcc/aarch64-linux-gnu/16/../../../../lib/:/lib/aarch64-linux-gnu/:/lib/../lib/:/usr/lib/aarch64-linux-gnu/:/usr/lib/../lib/:/usr/lib/gcc/aarch64-linux-gnu/16/../../../:/lib/:/usr/lib/]
  ignore line: [COLLECT_GCC_OPTIONS='-v' '-o' 'CMakeFiles/cmTC_ea092.dir/CMakeCXXCompilerABI.cpp.o' '-c' '-shared-libgcc' '-mlittle-endian' '-mabi=lp64' '-dumpdir' 'CMakeFiles/cmTC_ea092.dir/CMakeCXXCompilerABI.cpp.']
  ignore line: [Linking CXX executable cmTC_ea092]
  ignore line: [/usr/bin/cmake -E cmake_link_script CMakeFiles/cmTC_ea092.dir/link.txt --verbose=1]
  ignore line: [/usr/bin/g++  -v CMakeFiles/cmTC_ea092.dir/CMakeCXXCompilerABI.cpp.o -o cmTC_ea092 ]
  ignore line: [Using built-in specs.]
  ignore line: [COLLECT_GCC=/usr/bin/g++]
  ignore line: [COLLECT_LTO_WRAPPER=/usr/libexec/gcc/aarch64-linux-gnu/16/lto-wrapper]
  ignore line: [OFFLOAD_TARGET_NAMES=nvptx-none]
  ignore line: [OFFLOAD_TARGET_DEFAULT=1]
  ignore line: [Target: aarch64-linux-gnu]
  ignore line: [Configured with: ../src/configure -v --with-pkgversion='Ubuntu 16-20260315-1ubuntu1~22~ppa1' --with-bugurl=file:///usr/share/doc/gcc-16/README.Bugs --enable-languages=c ada c++ go d fortran objc obj-c++ m2 rust cobol algol68 --prefix=/usr --with-gcc-major-version-only --program-suffix=-16 --program-prefix=aarch64-linux-gnu- --enable-shared --enable-linker-build-id --libexecdir=/usr/libexec --without-included-gettext --enable-threads=posix --libdir=/usr/lib --enable-nls --enable-bootstrap --enable-clocale=gnu --enable-libstdcxx-debug --enable-libstdcxx-time=yes --with-default-libstdcxx-abi=new --enable-libstdcxx-backtrace --enable-gnu-unique-object --disable-libquadmath --disable-libquadmath-support --enable-plugin --enable-default-pie --with-system-zlib --enable-libphobos-checking=release --with-target-system-zlib=auto --enable-objc-gc=auto --enable-multiarch --enable-fix-cortex-a53-843419 --disable-werror --enable-offload-targets=nvptx-none=/build/gcc-16-c2yKvu/gcc-16-16-20260315/debian/tmp-nvptx/usr --enable-offload-defaulted --without-cuda-driver --enable-checking=release --build=aarch64-linux-gnu --host=aarch64-linux-gnu --target=aarch64-linux-gnu --with-build-config=bootstrap-lto-lean --enable-link-serialization=4]
  ignore line: [Thread model: posix]
  ignore line: [Supported LTO compression algorithms: zlib zstd]
  ignore line: [gcc version 16.0.1 20260315 (experimental) [trunk r16-8100-g3aca3bae8ee] (Ubuntu 16-20260315-1ubuntu1~22~ppa1) ]
  ignore line: [COMPILER_PATH=/usr/libexec/gcc/aarch64-linux-gnu/16/:/usr/libexec/gcc/aarch64-linux-gnu/16/:/usr/libexec/gcc/aarch64-linux-gnu/:/usr/lib/gcc/aarch64-linux-gnu/16/:/usr/lib/gcc/aarch64-linux-gnu/]
  ignore line: [LIBRARY_PATH=/usr/lib/gcc/aarch64-linux-gnu/16/:/usr/lib/gcc/aarch64-linux-gnu/16/../../../aarch64-linux-gnu/:/usr/lib/gcc/aarch64-linux-gnu/16/../../../../lib/:/lib/aarch64-linux-gnu/:/lib/../lib/:/usr/lib/aarch64-linux-gnu/:/usr/lib/../lib/:/usr/lib/gcc/aarch64-linux-gnu/16/../../../:/lib/:/usr/lib/]
  ignore line: [COLLECT_GCC_OPTIONS='-v' '-o' 'cmTC_ea092' '-foffload-options=-l_GCC_stdc++' '-foffload-options=-l_GCC_m' '-shared-libgcc' '-mlittle-endian' '-mabi=lp64' '-dumpdir' 'cmTC_ea092.']
  link line: [ /usr/libexec/gcc/aarch64-linux-gnu/16/collect2 -plugin /usr/libexec/gcc/aarch64-linux-gnu/16/liblto_plugin.so -plugin-opt=/usr/libexec/gcc/aarch64-linux-gnu/16/lto-wrapper -plugin-opt=-fresolution=/tmp/ccu6QCyJ.res -plugin-opt=-pass-through=-lgcc_s -plugin-opt=-pass-through=-lgcc -plugin-opt=-pass-through=-latomic_asneeded -plugin-opt=-pass-through=-lc -plugin-opt=-pass-through=-lgcc_s -plugin-opt=-pass-through=-lgcc --build-id --eh-frame-hdr --hash-style=gnu --as-needed -dynamic-linker /lib/ld-linux-aarch64.so.1 -X -EL -maarch64linux --fix-cortex-a53-843419 -pie -z now -z relro -o cmTC_ea092 /usr/lib/gcc/aarch64-linux-gnu/16/../../../aarch64-linux-gnu/Scrt1.o /usr/lib/gcc/aarch64-linux-gnu/16/../../../aarch64-linux-gnu/crti.o /usr/lib/gcc/aarch64-linux-gnu/16/crtbeginS.o -L/usr/lib/gcc/aarch64-linux-gnu/16 -L/usr/lib/gcc/aarch64-linux-gnu/16/../../../aarch64-linux-gnu -L/usr/lib/gcc/aarch64-linux-gnu/16/../../../../lib -L/lib/aarch64-linux-gnu -L/lib/../lib -L/usr/lib/aarch64-linux-gnu -L/usr/lib/../lib -L/usr/lib/gcc/aarch64-linux-gnu/16/../../.. -L/lib -L/usr/lib CMakeFiles/cmTC_ea092.dir/CMakeCXXCompilerABI.cpp.o -lstdc++ -lm -lgcc_s -lgcc -latomic_asneeded -lc -lgcc_s -lgcc /usr/lib/gcc/aarch64-linux-gnu/16/crtendS.o /usr/lib/gcc/aarch64-linux-gnu/16/../../../aarch64-linux-gnu/crtn.o]
    arg [/usr/libexec/gcc/aarch64-linux-gnu/16/collect2] ==> ignore
    arg [-plugin] ==> ignore
    arg [/usr/libexec/gcc/aarch64-linux-gnu/16/liblto_plugin.so] ==> ignore
    arg [-plugin-opt=/usr/libexec/gcc/aarch64-linux-gnu/16/lto-wrapper] ==> ignore
    arg [-plugin-opt=-fresolution=/tmp/ccu6QCyJ.res] ==> ignore
    arg [-plugin-opt=-pass-through=-lgcc_s] ==> ignore
    arg [-plugin-opt=-pass-through=-lgcc] ==> ignore
    arg [-plugin-opt=-pass-through=-latomic_asneeded] ==> ignore
    arg [-plugin-opt=-pass-through=-lc] ==> ignore
    arg [-plugin-opt=-pass-through=-lgcc_s] ==> ignore
    arg [-plugin-opt=-pass-through=-lgcc] ==> ignore
    arg [--build-id] ==> ignore
    arg [--eh-frame-hdr] ==> ignore
    arg [--hash-style=gnu] ==> ignore
    arg [--as-needed] ==> ignore
    arg [-dynamic-linker] ==> ignore
    arg [/lib/ld-linux-aarch64.so.1] ==> ignore
    arg [-X] ==> ignore
    arg [-EL] ==> ignore
    arg [-maarch64linux] ==> ignore
    arg [--fix-cortex-a53-843419] ==> ignore
    arg [-pie] ==> ignore
    arg [-znow] ==> ignore
    arg [-zrelro] ==> ignore
    arg [-o] ==> ignore
    arg [cmTC_ea092] ==> ignore
    arg [/usr/lib/gcc/aarch64-linux-gnu/16/../../../aarch64-linux-gnu/Scrt1.o] ==> obj [/usr/lib/gcc/aarch64-linux-gnu/16/../../../aarch64-linux-gnu/Scrt1.o]
    arg [/usr/lib/gcc/aarch64-linux-gnu/16/../../../aarch64-linux-gnu/crti.o] ==> obj [/usr/lib/gcc/aarch64-linux-gnu/16/../../../aarch64-linux-gnu/crti.o]
    arg [/usr/lib/gcc/aarch64-linux-gnu/16/crtbeginS.o] ==> obj [/usr/lib/gcc/aarch64-linux-gnu/16/crtbeginS.o]
    arg [-L/usr/lib/gcc/aarch64-linux-gnu/16] ==> dir [/usr/lib/gcc/aarch64-linux-gnu/16]
    arg [-L/usr/lib/gcc/aarch64-linux-gnu/16/../../../aarch64-linux-gnu] ==> dir [/usr/lib/gcc/aarch64-linux-gnu/16/../../../aarch64-linux-gnu]
    arg [-L/usr/lib/gcc/aarch64-linux-gnu/16/../../../../lib] ==> dir [/usr/lib/gcc/aarch64-linux-gnu/16/../../../../lib]
    arg [-L/lib/aarch64-linux-gnu] ==> dir [/lib/aarch64-linux-gnu]
    arg [-L/lib/../lib] ==> dir [/lib/../lib]
    arg [-L/usr/lib/aarch64-linux-gnu] ==> dir [/usr/lib/aarch64-linux-gnu]
    arg [-L/usr/lib/../lib] ==> dir [/usr/lib/../lib]
    arg [-L/usr/lib/gcc/aarch64-linux-gnu/16/../../..] ==> dir [/usr/lib/gcc/aarch64-linux-gnu/16/../../..]
    arg [-L/lib] ==> dir [/lib]
    arg [-L/usr/lib] ==> dir [/usr/lib]
    arg [CMakeFiles/cmTC_ea092.dir/CMakeCXXCompilerABI.cpp.o] ==> ignore
    arg [-lstdc++] ==> lib [stdc++]
    arg [-lm] ==> lib [m]
    arg [-lgcc_s] ==> lib [gcc_s]
    arg [-lgcc] ==> lib [gcc]
    arg [-latomic_asneeded] ==> lib [atomic_asneeded]
    arg [-lc] ==> lib [c]
    arg [-lgcc_s] ==> lib [gcc_s]
    arg [-lgcc] ==> lib [gcc]
    arg [/usr/lib/gcc/aarch64-linux-gnu/16/crtendS.o] ==> obj [/usr/lib/gcc/aarch64-linux-gnu/16/crtendS.o]
    arg [/usr/lib/gcc/aarch64-linux-gnu/16/../../../aarch64-linux-gnu/crtn.o] ==> obj [/usr/lib/gcc/aarch64-linux-gnu/16/../../../aarch64-linux-gnu/crtn.o]
  collapse obj [/usr/lib/gcc/aarch64-linux-gnu/16/../../../aarch64-linux-gnu/Scrt1.o] ==> [/usr/lib/aarch64-linux-gnu/Scrt1.o]
  collapse obj [/usr/lib/gcc/aarch64-linux-gnu/16/../../../aarch64-linux-gnu/crti.o] ==> [/usr/lib/aarch64-linux-gnu/crti.o]
  collapse obj [/usr/lib/gcc/aarch64-linux-gnu/16/../../../aarch64-linux-gnu/crtn.o] ==> [/usr/lib/aarch64-linux-gnu/crtn.o]
  collapse library dir [/usr/lib/gcc/aarch64-linux-gnu/16] ==> [/usr/lib/gcc/aarch64-linux-gnu/16]
  collapse library dir [/usr/lib/gcc/aarch64-linux-gnu/16/../../../aarch64-linux-gnu] ==> [/usr/lib/aarch64-linux-gnu]
  collapse library dir [/usr/lib/gcc/aarch64-linux-gnu/16/../../../../lib] ==> [/usr/lib]
  collapse library dir [/lib/aarch64-linux-gnu] ==> [/lib/aarch64-linux-gnu]
  collapse library dir [/lib/../lib] ==> [/lib]
  collapse library dir [/usr/lib/aarch64-linux-gnu] ==> [/usr/lib/aarch64-linux-gnu]
  collapse library dir [/usr/lib/../lib] ==> [/usr/lib]
  collapse library dir [/usr/lib/gcc/aarch64-linux-gnu/16/../../..] ==> [/usr/lib]
  collapse library dir [/lib] ==> [/lib]
  collapse library dir [/usr/lib] ==> [/usr/lib]
  implicit libs: [stdc++;m;gcc_s;gcc;atomic_asneeded;c;gcc_s;gcc]
  implicit objs: [/usr/lib/aarch64-linux-gnu/Scrt1.o;/usr/lib/aarch64-linux-gnu/crti.o;/usr/lib/gcc/aarch64-linux-gnu/16/crtbeginS.o;/usr/lib/gcc/aarch64-linux-gnu/16/crtendS.o;/usr/lib/aarch64-linux-gnu/crtn.o]
  implicit dirs: [/usr/lib/gcc/aarch64-linux-gnu/16;/usr/lib/aarch64-linux-gnu;/usr/lib;/lib/aarch64-linux-gnu;/lib]
  implicit fwks: []


Determining if the include file pthread.h exists passed with the following output:
Change Dir: /home/kaxia/code/webdav/build/CMakeFiles/CMakeTmp

Run Build Command(s):/usr/bin/gmake -f Makefile cmTC_e4af1/fast && /usr/bin/gmake  -f CMakeFiles/cmTC_e4af1.dir/build.make CMakeFiles/cmTC_e4af1.dir/build
gmake[1]: Entering directory '/home/kaxia/code/webdav/build/CMakeFiles/CMakeTmp'
Building CXX object CMakeFiles/cmTC_e4af1.dir/CheckIncludeFile.cxx.o
/usr/bin/g++   -std=c++20 -o CMakeFiles/cmTC_e4af1.dir/CheckIncludeFile.cxx.o -c /home/kaxia/code/webdav/build/CMakeFiles/CMakeTmp/CheckIncludeFile.cxx
Linking CXX executable cmTC_e4af1
/usr/bin/cmake -E cmake_link_script CMakeFiles/cmTC_e4af1.dir/link.txt --verbose=1
/usr/bin/g++ CMakeFiles/cmTC_e4af1.dir/CheckIncludeFile.cxx.o -o cmTC_e4af1 
gmake[1]: Leaving directory '/home/kaxia/code/webdav/build/CMakeFiles/CMakeTmp'



Performing C++ SOURCE FILE Test CMAKE_HAVE_LIBC_PTHREAD succeeded with the following output:
Change Dir: /home/kaxia/code/webdav/build/CMakeFiles/CMakeTmp

Run Build Command(s):/usr/bin/gmake -f Makefile cmTC_70fb9/fast && /usr/bin/gmake  -f CMakeFiles/cmTC_70fb9.dir/build.make CMakeFiles/cmTC_70fb9.dir/build
gmake[1]: Entering directory '/home/kaxia/code/webdav/build/CMakeFiles/CMakeTmp'
Building CXX object CMakeFiles/cmTC_70fb9.dir/src.cxx.o
/usr/bin/g++ -DCMAKE_HAVE_LIBC_PTHREAD  -std=c++20 -o CMakeFiles/cmTC_70fb9.dir/src.cxx.o -c /home/kaxia/code/webdav/build/CMakeFiles/CMakeTmp/src.cxx
Linking CXX executable cmTC_70fb9
/usr/bin/cmake -E cmake_link_script CMakeFiles/cmTC_70fb9.dir/link.txt --verbose=1
/usr/bin/g++ CMakeFiles/cmTC_70fb9.dir/src.cxx.o -o cmTC_70fb9 
gmake[1]: Leaving directory '/home/kaxia/code/webdav/build/CMakeFiles/CMakeTmp'


Source file was:
#include <pthread.h>

static void* test_func(void* data)
{
  return data;
}

int main(void)
{
  pthread_t thread;
  pthread_create(&thread, NULL, test_func, NULL);
  pthread_detach(thread);
  pthread_cancel(thread);
  pthread_join(thread, NULL);
  pthread_atfork(NULL, NULL, NULL);
  pthread_exit(NULL);

  return 0;
}

